nom: Pis 1
#########################                                                                                                
##         P            #                                                                                                
##                      #                                                                                                
##                      #                                                                                                
####                    #                                                                                                
####                    #             ####################                                                               
####                    #             #                  #        ###############                                        
####                    #             #    #       #     #        #      W      #                                        
####    M      M        #             #                  #        #             #                                        
##########    ###########             #    #       #     #        #             #                                        
        #     #                       #    M   #         #        #             #                                        
        #     #                       #  M            M  #        #             #                   #####################
        #     ###############################      ####################      ########################                   #
        #                                                                                                    T          #
        #############################################################################################                   #
                                                                                                    #####################
