nom: Pis 2
#####                                                                                                                   
#....##                                                                                                                 
#.....####                                                                                                              
#.........##                                                                                                            
#...........##                                                                                                          
#............##                                        ###############################                                  
#..............##                                      #.............0...............#                                  
#......@.........##                                    #.............................#                                  
#..................##                                  #.............................#                                  
#...................##                                 #...........................P.#                                  
#...................##                                 #.............................#                                  
#...................##                                 #.............................#                                  
#######......##########                                #.....M................M......#                                  
      #......#                                 ##################........#####################################         
      #......#                                #............................l.................................#         
      #......#                               #..################............################....##############         
      #......#                              #.V.#      #......................M........#............#         
      #......#                             #...#       #...............................#............#         
      #......##############################....#       #...............................#............#         
      #.....M.....M........M...................#       #...............................#............#         
      ##################################################........#...................P...#............#        
                                                        #.V......#.......................#............#         
                                                        ##################################............#         
                                                                                          #............#         
                                                                                          #............#         
                                                                                          ##..........##         
                                                                                          #.P.........#          
                                                                                          #...........#          
                                                                                          #...<.......#          
                                                                                          #############