nom: Pis 2
#####                                                                                                                   
#    ##                                                                                                                 
#     ####                                                                                                              
#         ##                                                                                                            
#           ##                                                                                                          
#            ##                                                  ###############################                        
#              ##                                                #             O               #                        
#      J         ##                                              #                             #                        
#                  ##                                            #                             #                        
#                   ##                                           #                           P #                        
#                   ##                                           #                             #                        
#                   ##                                           #                             #                        
#######      ##########                                          #     M                M      #                        
      #      #                                           ##################        #####################################
      #      #                                          #                                                              #
      #      #                                         #  ################            ##########################       #
      #      #                                        # V #      #                       M        #            #       #
      #      #                                       #   #       #                                #            #       #
      #      ########################################   #        #                                #            #       #
      #          M          M        M                 #         #                                #            #       #
      #################################################          #                           P    #            #       #
                                                                 #V                               #            #       #
                                                                 ##################################            #       #
                                                                                                               #       #
                                                                                                               #       #
                                                                                                               ##     ##
                                                                                                               # P     #
                                                                                                               #       #
                                                                                                               #   T   #
                                                                                                               #########