############################################################
#..M..~~~~.f..#.................****#.....................@#
#....~~~~~~...#.................*00*#.....!....V..........# 
#.....~~~~....#####.###########.#####.........≈≈≈..........#
#.............................................≈≈≈..........#
#####.#################.###############.####################
#.....#               #.#             #.#                  #
#..***#               #.#             #.#      ~~~~~       #
#..***#################.#             #.####################
#.......................#             #..........V.........#
#....≈≈≈................#             #.....!~~~.......!...#
###########.#############             #########.############
          #.#                                 #.#           
###########.###########             ###########.########### 
#..M...~~~~.....H.....#             #....****.....L.......# 
#.....~~~~~~..........###############....W***.....C.......# 
#...............................................F........#  
#.....................###############.............~~~~....# 
#.....................#             #.....M......~~~~~~...# 
###########.###########             ###########.########### 
          #.#                                 #.#           
###########.#############             #########.############
#.....****......*.......#             #....≈≈≈.......^.....#
#.....****..............#             #....≈≈≈.......V.....#
#########################             ######################
############################################################