nom: Pis 3

############################################################
#..M..~~~~.f..#.................****#.....................@#
#....~~~~~~...#.................*00*#.....!....V..........# 
#.....~~~~....#####.###########.#####.........≈≈≈..........#
#.............................................≈≈≈..........#
#####.#################.###############.############.#######
#.....#               #.#             #~#  W        .      #
#..***#               #.#             #~#      ~~~~~.      #
#..***#################.#             #.########.###########
#.......................#             #..........V.........#
#....≈≈≈................#             #.....!~~~.......!...#
###########.#############             #########.############
          #.#                                 #.#           
###########.###########             ###########.########### 
#..M...~~~~.....H.....#             #....****.....L.......# 
#.....~~~~~~..........###############....W***.....C.......# 
#...............................................F........#  
#.....................###############.............~~~~....# 
#.....................#             #.....M......~~~~~~...# 
###########.###########             ###########.########### 
          #.#                                 #.#           
###########.#############             #########.############
#.....****......*.......#             #....≈≈≈.......^.....#
#.....****..............#             #....≈≈≈.......V.....#
#########################             ######################
############################################################