nom: Pis 3
############################################################
#.....~~~~....#.................****#......................#
#....~~~~~~...#.................*..*#......................# 
#.....~~~~....#####.###########.#####.........≈≈≈..........#
#.............................................≈≈≈..........#
#####.#################.###############.############.#######
#.....#...............#.#             #~#..................#
#..***#...............#.#             #~#.....~~~~~........#
#..***#################.#             #.########.###########
#.......................#             #....................#
#....≈≈≈................#             #......~~~...........#
###########.#############             #########.############
          #.#                                 #.#           
###########.###########             ###########.########### 
#......~~~~.....H.....#             #....****.............# 
#.....~~~~~~..........###############.....***.............# 
#.........................................................#  
#.....................###############.............~~~~....# 
#.....................#             #............~~~~~~...# 
###########.###########             ###########.########### 
          #.#                                 #.#           
###########.#############             #########.############
#.....****......*.......#             #....≈≈≈............#
#.....****..............#             #....≈≈≈...........>.#
#########################             ######################
############################################################